// Jest Snapshot v1, https://goo.gl/fbAQLP

exports[`NavBar component should render without crashing 1`] = `ShallowWrapper {}`;
