// Jest Snapshot v1, https://goo.gl/fbAQLP

exports[`Renders view Profile Component Should render the <ProfileContainer/> 1`] = `ShallowWrapper {}`;
