// Jest Snapshot v1, https://goo.gl/fbAQLP

exports[`render ResetPassword component should have Input component 1`] = `ShallowWrapper {}`;

exports[`render ResetPassword component should not have Input component 1`] = `ShallowWrapper {}`;
