// Jest Snapshot v1, https://goo.gl/fbAQLP

exports[`render UpdatePassword component should have Input component 1`] = `ShallowWrapper {}`;

exports[`render UpdatePassword component should not have Input component 1`] = `ShallowWrapper {}`;
