// Jest Snapshot v1, https://goo.gl/fbAQLP

exports[`NotFound component should render NotFound component 1`] = `ShallowWrapper {}`;
