// Jest Snapshot v1, https://goo.gl/fbAQLP

exports[`SearchResult component should render SearchResult component 1`] = `ShallowWrapper {}`;
