// Jest Snapshot v1, https://goo.gl/fbAQLP

exports[`Logo component should render without crashing 1`] = `ShallowWrapper {}`;
