// Jest Snapshot v1, https://goo.gl/fbAQLP

exports[`Render the Profile Dropdown component should display button 1`] = `ShallowWrapper {}`;
