// Jest Snapshot v1, https://goo.gl/fbAQLP

exports[`<SearchBox /> component should render without crashing 1`] = `ReactWrapper {}`;
